2026-06-20 18:53:55,450 - INFO - In test_002_page_title
2026-06-20 18:53:55,451 - INFO - Starting page title test
2026-06-20 18:53:55,460 - INFO - Page title verified successfully
2026-06-20 18:53:55,823 - INFO - In test_003_failed_login_screenshot
2026-06-20 18:53:55,824 - INFO - Starting page title test
2026-06-20 18:53:56,026 - INFO - Starting login data driven test
2026-06-20 18:53:56,459 - INFO - Username entered
2026-06-20 18:53:56,493 - INFO - Password entered
2026-06-20 18:53:57,375 - INFO - dashboard in URL verified successfully
2026-06-20 18:53:57,430 - INFO - Starting login data driven test
2026-06-20 18:53:58,328 - INFO - Username entered
2026-06-20 18:53:58,473 - INFO - Password entered
2026-06-20 18:54:00,351 - INFO - Invalid credentials displayed
2026-06-20 18:54:01,584 - INFO - Invalid credentials displayed
2026-06-20 18:54:05,806 - INFO - In test_003_failed_login_screenshot
2026-06-20 18:54:05,806 - INFO - Starting page title test
2026-06-20 18:54:07,913 - INFO - dashboard in URL verified successfully
2026-06-20 18:54:16,171 - INFO - In test_003_failed_login_screenshot
2026-06-20 18:54:16,172 - INFO - Starting page title test
2026-06-20 18:54:19,449 - INFO - dashboard in URL verified successfully
