2026-06-20 18:55:52,015 - INFO - Starting login data driven test
2026-06-20 18:55:52,074 - INFO - In test_003_failed_login_screenshot
2026-06-20 18:55:52,076 - INFO - Starting page title test
2026-06-20 18:55:52,107 - INFO - Starting login data driven test
2026-06-20 18:55:52,204 - INFO - Starting login data driven test
2026-06-20 18:55:52,596 - INFO - Username entered
2026-06-20 18:55:53,069 - INFO - Password entered
2026-06-20 18:55:53,186 - INFO - Username entered
2026-06-20 18:55:53,242 - INFO - Password entered
2026-06-20 18:55:53,866 - INFO - Username entered
2026-06-20 18:55:53,911 - INFO - Password entered
2026-06-20 18:55:54,540 - INFO - dashboard in URL verified successfully
2026-06-20 18:55:57,303 - INFO - Invalid credentials displayed
2026-06-20 18:55:57,507 - INFO - Invalid credentials displayed
2026-06-20 18:55:58,226 - INFO - dashboard in URL verified successfully
2026-06-20 18:55:58,375 - INFO - In test_002_page_title
2026-06-20 18:55:58,377 - INFO - Starting page title test
2026-06-20 18:55:58,443 - INFO - Page title verified successfully
2026-06-20 18:56:07,453 - INFO - In test_003_failed_login_screenshot
2026-06-20 18:56:07,453 - INFO - Starting page title test
2026-06-20 18:56:08,948 - INFO - dashboard in URL verified successfully
2026-06-20 18:56:15,649 - INFO - In test_003_failed_login_screenshot
2026-06-20 18:56:15,650 - INFO - Starting page title test
2026-06-20 18:56:17,261 - INFO - dashboard in URL verified successfully
