2026-06-20 18:58:08,503 - INFO - In test_002_page_title
2026-06-20 18:58:08,505 - INFO - Starting page title test
2026-06-20 18:58:08,537 - INFO - Page title verified successfully
2026-06-20 18:58:08,772 - INFO - Starting login data driven test
2026-06-20 18:58:09,253 - INFO - Starting login data driven test
2026-06-20 18:58:09,358 - INFO - Starting login data driven test
2026-06-20 18:58:09,523 - INFO - Username entered
2026-06-20 18:58:09,622 - INFO - Password entered
2026-06-20 18:58:09,733 - INFO - In test_003_failed_login_screenshot
2026-06-20 18:58:09,734 - INFO - Starting page title test
2026-06-20 18:58:10,281 - INFO - Username entered
2026-06-20 18:58:10,315 - INFO - Username entered
2026-06-20 18:58:10,359 - INFO - Password entered
2026-06-20 18:58:10,532 - INFO - Password entered
2026-06-20 18:58:12,668 - INFO - dashboard in URL verified successfully
2026-06-20 18:58:14,242 - INFO - Invalid credentials displayed
2026-06-20 18:58:14,851 - INFO - Invalid credentials displayed
2026-06-20 18:58:15,124 - INFO - dashboard in URL verified successfully
2026-06-20 18:58:23,344 - INFO - In test_003_failed_login_screenshot
2026-06-20 18:58:23,344 - INFO - Starting page title test
2026-06-20 18:58:24,863 - INFO - dashboard in URL verified successfully
2026-06-20 18:58:31,752 - INFO - In test_003_failed_login_screenshot
2026-06-20 18:58:31,753 - INFO - Starting page title test
2026-06-20 18:58:33,189 - INFO - dashboard in URL verified successfully
