2026-06-14 14:55:17,928 - INFO - Enter username
2026-06-14 14:55:18,024 - INFO - In test_002_page_title
2026-06-14 14:55:18,025 - INFO - Starting page title test
2026-06-14 14:55:18,066 - INFO - Enter password
2026-06-14 14:55:18,073 - INFO - In test_003_failed_login_screenshot
2026-06-14 14:55:18,074 - INFO - Starting page title test
2026-06-14 14:55:18,671 - INFO - In test_004_employee_workflow
2026-06-14 14:55:18,672 - INFO - Starting page title test
2026-06-14 14:55:19,235 - INFO - Page title verified successfully
2026-06-14 14:55:19,491 - INFO - Enter username
2026-06-14 14:55:19,613 - INFO - Enter password
2026-06-14 14:55:19,828 - INFO - Enter username
2026-06-14 14:55:19,930 - INFO - Enter password
2026-06-14 14:55:20,883 - INFO - Starting login data driven test
2026-06-14 14:55:21,523 - INFO - Click on login button
2026-06-14 14:55:23,717 - INFO - Username entered
2026-06-14 14:55:23,947 - INFO - Password entered
2026-06-14 14:55:24,260 - INFO - dashboard in URL verified successfully
2026-06-14 14:55:24,496 - INFO - Click on login button
2026-06-14 14:55:24,985 - INFO - Click on login button
2026-06-14 14:55:31,789 - INFO - Enter username
2026-06-14 14:55:31,902 - INFO - Enter password
2026-06-14 14:55:32,347 - INFO - dashboard in URL verified successfully
2026-06-14 14:55:33,555 - INFO - Click on pim menu
2026-06-14 14:55:36,513 - INFO - Click on login button
2026-06-14 14:55:39,539 - INFO - Click on add employee
2026-06-14 14:55:42,518 - INFO - Enter employee first name
2026-06-14 14:55:42,544 - INFO - Enter employee last name
2026-06-14 14:55:42,620 - INFO - Enter employee id
2026-06-14 14:55:43,342 - INFO - In test_003_failed_login_screenshot
2026-06-14 14:55:43,343 - INFO - Starting page title test
2026-06-14 14:55:51,814 - INFO - dashboard in URL verified successfully
2026-06-14 14:56:01,796 - INFO - In test_003_failed_login_screenshot
2026-06-14 14:56:01,796 - INFO - Starting page title test
2026-06-14 14:56:08,453 - INFO - dashboard in URL verified successfully
2026-06-14 15:00:23,405 - INFO - Click on submit button
2026-06-14 15:00:26,430 - INFO - Validate viewPersonalDetails in url
2026-06-14 15:00:30,448 - INFO - Click on pim menu
2026-06-14 15:00:30,807 - INFO - Search employee
2026-06-14 15:00:30,854 - INFO - Click on submit button
2026-06-14 15:00:33,879 - INFO - Verify employee
2026-06-14 15:00:34,040 - INFO - Delete employee
2026-06-14 15:00:38,119 - INFO - Logout from application
2026-06-14 15:00:38,137 - INFO - Validate login page after logout
